Fetching 38 files:   0%|          | 0/38 [00:00<?, ?it/s]Warning: You are sending unauthenticated requests to the HF Hub. Please set a HF_TOKEN to enable higher rate limits and faster downloads.
Fetching 38 files:   3%|▎         | 1/38 [00:00<00:04,  8.93it/s]Fetching 38 files:  16%|█▌        | 6/38 [00:00<00:01, 30.84it/s]Fetching 38 files:  32%|███▏      | 12/38 [00:00<00:00, 42.18it/s]Fetching 38 files:  45%|████▍     | 17/38 [00:00<00:00, 41.66it/s]Fetching 38 files:  58%|█████▊    | 22/38 [00:00<00:00, 44.20it/s]Fetching 38 files:  76%|███████▋  | 29/38 [00:00<00:00, 46.86it/s]Fetching 38 files:  89%|████████▉ | 34/38 [00:00<00:00, 46.67it/s]Fetching 38 files: 100%|██████████| 38/38 [00:05<00:00,  7.19it/s]
2530 training sequences from 2530 rows
/home/jovyan/e_l3g/train_e_l1b.py:169: UserWarning: Detected call of `lr_scheduler.step()` before `optimizer.step()`. In PyTorch 1.1.0 and later, you should call them in the opposite order: `optimizer.step()` before `lr_scheduler.step()`.  Failure to do this will result in PyTorch skipping the first value of the learning rate schedule. See more details at https://pytorch.org/docs/stable/optim.html#how-to-adjust-learning-rate
  sched.step()
  epoch 1/6 step 50 loss 0.0197 reward 0.741 15s
  epoch 1/6 step 100 loss -0.0088 reward 0.750 28s
  epoch 1/6 step 150 loss -0.4555 reward 0.750 42s
  epoch 1/6 step 200 loss -0.0118 reward 0.750 55s
  epoch 1/6 step 250 loss -0.0029 reward 0.750 69s
  epoch 1/6 step 300 loss -0.0165 reward 0.750 83s
=== epoch 1/6 avg loss 0.3688 at 87s ===
  epoch 2/6 step 50 loss -0.0152 reward 0.750 101s
  epoch 2/6 step 100 loss -0.0080 reward 0.750 114s
  epoch 2/6 step 150 loss -0.0226 reward 0.750 128s
  epoch 2/6 step 200 loss 0.0000 reward 0.750 142s
  epoch 2/6 step 250 loss 0.0000 reward 0.750 155s
  epoch 2/6 step 300 loss 2.4517 reward -0.495 169s
=== epoch 2/6 avg loss 0.5283 at 173s ===
  epoch 3/6 step 50 loss 0.0000 reward 0.750 187s
  epoch 3/6 step 100 loss -0.0098 reward 0.750 201s
  epoch 3/6 step 150 loss 0.0000 reward 0.750 214s
  epoch 3/6 step 200 loss -0.0094 reward 0.750 228s
  epoch 3/6 step 250 loss 1.8721 reward -0.495 242s
  epoch 3/6 step 300 loss -0.0082 reward 0.750 255s
=== epoch 3/6 avg loss 0.3751 at 260s ===
  epoch 4/6 step 50 loss 0.0000 reward 0.750 274s
  epoch 4/6 step 100 loss 0.0000 reward 0.750 287s
  epoch 4/6 step 150 loss -0.0036 reward 0.750 301s
  epoch 4/6 step 200 loss 0.0000 reward 0.750 315s
  epoch 4/6 step 250 loss 0.0000 reward 0.750 329s
  epoch 4/6 step 300 loss 0.0000 reward 0.750 343s
=== epoch 4/6 avg loss 0.2224 at 347s ===
  epoch 5/6 step 50 loss 0.0000 reward 0.750 361s
  epoch 5/6 step 100 loss -0.0070 reward 0.750 374s
  epoch 5/6 step 150 loss 0.0000 reward 0.750 388s
  epoch 5/6 step 200 loss 0.0000 reward 0.750 402s
  epoch 5/6 step 250 loss 0.0000 reward 0.750 416s
  epoch 5/6 step 300 loss 0.0000 reward 0.750 430s
=== epoch 5/6 avg loss 0.1471 at 434s ===
  epoch 6/6 step 50 loss 0.0000 reward 0.750 448s
  epoch 6/6 step 100 loss 0.0000 reward 0.750 461s
  epoch 6/6 step 150 loss 0.0000 reward 0.750 475s
  epoch 6/6 step 200 loss -0.0009 reward 0.750 489s
  epoch 6/6 step 250 loss -0.0044 reward 0.750 502s
  epoch 6/6 step 300 loss 0.0000 reward 0.750 516s
=== epoch 6/6 avg loss 0.1134 at 520s ===
fitted temperatures (choice, score, noul): [1.637, 1.251, 4.433]
saved to e_l3g/laya_fold_0 after 526s
