Fetching 38 files:   0%|          | 0/38 [00:00<?, ?it/s]Fetching 38 files: 100%|██████████| 38/38 [00:00<00:00, 1063.56it/s]
2484 training sequences from 2484 rows
/home/jovyan/e_l3g/train_e_l1b.py:169: UserWarning: Detected call of `lr_scheduler.step()` before `optimizer.step()`. In PyTorch 1.1.0 and later, you should call them in the opposite order: `optimizer.step()` before `lr_scheduler.step()`.  Failure to do this will result in PyTorch skipping the first value of the learning rate schedule. See more details at https://pytorch.org/docs/stable/optim.html#how-to-adjust-learning-rate
  sched.step()
  epoch 1/6 step 50 loss -0.1132 reward 0.748 15s
  epoch 1/6 step 100 loss 0.0600 reward 0.750 29s
  epoch 1/6 step 150 loss -0.2079 reward 0.742 43s
  epoch 1/6 step 200 loss 0.0000 reward 0.750 56s
  epoch 1/6 step 250 loss -0.0062 reward 0.750 70s
  epoch 1/6 step 300 loss 0.0023 reward 0.750 83s
=== epoch 1/6 avg loss 0.5489 at 86s ===
  epoch 2/6 step 50 loss -0.0084 reward 0.750 99s
  epoch 2/6 step 100 loss 0.0000 reward 0.750 113s
  epoch 2/6 step 150 loss 0.0000 reward 0.750 126s
  epoch 2/6 step 200 loss 0.0000 reward 0.750 140s
  epoch 2/6 step 250 loss 2.8714 reward -1.160 154s
  epoch 2/6 step 300 loss 1.9839 reward -0.495 168s
=== epoch 2/6 avg loss 0.2968 at 171s ===
  epoch 3/6 step 50 loss 0.6044 reward 0.546 185s
  epoch 3/6 step 100 loss 1.8738 reward -0.495 198s
  epoch 3/6 step 150 loss 0.0001 reward 0.750 211s
  epoch 3/6 step 200 loss 0.0000 reward 0.750 225s
  epoch 3/6 step 250 loss 0.0000 reward 0.750 238s
  epoch 3/6 step 300 loss 0.0000 reward 0.750 252s
=== epoch 3/6 avg loss 0.2166 at 255s ===
  epoch 4/6 step 50 loss 0.0000 reward 0.750 269s
  epoch 4/6 step 100 loss 0.0000 reward 0.750 283s
  epoch 4/6 step 150 loss 0.0000 reward 0.750 296s
  epoch 4/6 step 200 loss 0.0000 reward 0.750 310s
  epoch 4/6 step 250 loss 0.0000 reward 0.750 323s
  epoch 4/6 step 300 loss 0.0000 reward 0.750 337s
=== epoch 4/6 avg loss 0.0330 at 339s ===
  epoch 5/6 step 50 loss 0.0000 reward 0.750 353s
  epoch 5/6 step 100 loss 0.0000 reward 0.750 367s
  epoch 5/6 step 150 loss 0.0000 reward 0.750 381s
  epoch 5/6 step 200 loss 0.0000 reward 0.750 394s
  epoch 5/6 step 250 loss 0.0000 reward 0.750 408s
  epoch 5/6 step 300 loss 0.0000 reward 0.750 421s
=== epoch 5/6 avg loss 0.0102 at 424s ===
  epoch 6/6 step 50 loss 0.0000 reward 0.750 438s
  epoch 6/6 step 100 loss 0.0000 reward 0.750 451s
  epoch 6/6 step 150 loss 0.0000 reward 0.750 465s
  epoch 6/6 step 200 loss 0.0000 reward 0.750 482s
  epoch 6/6 step 250 loss 0.0000 reward 0.750 496s
  epoch 6/6 step 300 loss 0.0000 reward 0.750 510s
=== epoch 6/6 avg loss 0.0041 at 513s ===
fitted temperatures (choice, score, noul): [1.637, 1.251, 0.997]
saved to e_l3g/laya_fold_2 after 519s
