Fetching 38 files:   0%|          | 0/38 [00:00<?, ?it/s]Fetching 38 files: 100%|██████████| 38/38 [00:00<00:00, 1124.72it/s]
2484 training sequences from 2484 rows
/home/jovyan/e_l3g/train_e_l1b.py:169: UserWarning: Detected call of `lr_scheduler.step()` before `optimizer.step()`. In PyTorch 1.1.0 and later, you should call them in the opposite order: `optimizer.step()` before `lr_scheduler.step()`.  Failure to do this will result in PyTorch skipping the first value of the learning rate schedule. See more details at https://pytorch.org/docs/stable/optim.html#how-to-adjust-learning-rate
  sched.step()
  epoch 1/6 step 50 loss 0.0625 reward 0.534 15s
  epoch 1/6 step 100 loss 0.0000 reward 0.750 29s
  epoch 1/6 step 150 loss 0.0000 reward 0.750 42s
  epoch 1/6 step 200 loss 0.0000 reward 0.750 55s
  epoch 1/6 step 250 loss -0.0051 reward 0.750 69s
  epoch 1/6 step 300 loss 0.0000 reward 0.750 82s
=== epoch 1/6 avg loss 0.3532 at 85s ===
  epoch 2/6 step 50 loss 0.0000 reward 0.750 99s
  epoch 2/6 step 100 loss 0.0000 reward 0.750 113s
  epoch 2/6 step 150 loss 0.0000 reward 0.750 127s
  epoch 2/6 step 200 loss 0.0000 reward 0.750 140s
  epoch 2/6 step 250 loss 0.0000 reward 0.750 154s
  epoch 2/6 step 300 loss 0.0000 reward 0.750 167s
=== epoch 2/6 avg loss 0.3105 at 170s ===
  epoch 3/6 step 50 loss 0.0000 reward 0.750 184s
  epoch 3/6 step 100 loss -0.0048 reward 0.750 197s
  epoch 3/6 step 150 loss 0.0575 reward 0.651 211s
  epoch 3/6 step 200 loss 0.0000 reward 0.750 225s
  epoch 3/6 step 250 loss 0.0000 reward 0.750 238s
  epoch 3/6 step 300 loss 0.0000 reward 0.750 252s
=== epoch 3/6 avg loss 0.1156 at 255s ===
  epoch 4/6 step 50 loss 0.0000 reward 0.750 269s
  epoch 4/6 step 100 loss 0.0000 reward 0.750 283s
  epoch 4/6 step 150 loss 0.0000 reward 0.750 296s
  epoch 4/6 step 200 loss 0.0000 reward 0.750 309s
  epoch 4/6 step 250 loss 0.0000 reward 0.750 323s
  epoch 4/6 step 300 loss 0.0000 reward 0.750 337s
=== epoch 4/6 avg loss 0.0493 at 340s ===
  epoch 5/6 step 50 loss 0.0000 reward 0.750 353s
  epoch 5/6 step 100 loss 0.0000 reward 0.750 366s
  epoch 5/6 step 150 loss 0.0000 reward 0.750 380s
  epoch 5/6 step 200 loss 0.0000 reward 0.750 394s
  epoch 5/6 step 250 loss 0.0000 reward 0.750 407s
  epoch 5/6 step 300 loss 0.0000 reward 0.750 421s
=== epoch 5/6 avg loss 0.0313 at 424s ===
  epoch 6/6 step 50 loss 0.0000 reward 0.750 437s
  epoch 6/6 step 100 loss 0.0000 reward 0.750 451s
  epoch 6/6 step 150 loss 0.0000 reward 0.750 464s
  epoch 6/6 step 200 loss 0.0000 reward 0.750 478s
  epoch 6/6 step 250 loss 0.0000 reward 0.750 491s
  epoch 6/6 step 300 loss 0.0000 reward 0.750 505s
=== epoch 6/6 avg loss 0.0267 at 508s ===
fitted temperatures (choice, score, noul): [1.637, 1.251, 1.0]
saved to e_l3g/laya_fold_4 after 513s
